{ {
    function_name = "test_1_out",
    line_number = 20
  }, {
    function_name = "~test_1_out",
    line_number = 21
  }, {
    function_name = "get_ab",
    line_number = 22
  }, {
    function_name = "get_test_1_out_inst_reg",
    line_number = 24
  }, {
    function_name = "get_test_1_out_inst_ptr",
    line_number = 27
  }, {
    function_name = "get_test_1_out_inst_ref",
    line_number = 30
  } }
